E:\Projets_Multi_Codage\Projet_ORM\Class
E:\Projets_Multi_Codage\Projet_ORM\compile.bat
E:\Projets_Multi_Codage\Projet_ORM\compile.sh
E:\Projets_Multi_Codage\Projet_ORM\create_client.sh
E:\Projets_Multi_Codage\Projet_ORM\create_jar.bat
E:\Projets_Multi_Codage\Projet_ORM\create_jar.sh
E:\Projets_Multi_Codage\Projet_ORM\End_User_UMLGen
E:\Projets_Multi_Codage\Projet_ORM\Ext_Driver
E:\Projets_Multi_Codage\Projet_ORM\JavaFX_Lib
E:\Projets_Multi_Codage\Projet_ORM\Java_Code
E:\Projets_Multi_Codage\Projet_ORM\launch.bat
E:\Projets_Multi_Codage\Projet_ORM\launch.sh
E:\Projets_Multi_Codage\Projet_ORM\List_dir.log
E:\Projets_Multi_Codage\Projet_ORM\Manifest
E:\Projets_Multi_Codage\Projet_ORM\menu.sh
E:\Projets_Multi_Codage\Projet_ORM\README.md
E:\Projets_Multi_Codage\Projet_ORM\Script_EU
E:\Projets_Multi_Codage\Projet_ORM\Class\Info.md
E:\Projets_Multi_Codage\Projet_ORM\End_User_UMLGen\Info.md
E:\Projets_Multi_Codage\Projet_ORM\Ext_Driver\postgresql-42.7.7.jar
E:\Projets_Multi_Codage\Projet_ORM\JavaFX_Lib\Lnx
E:\Projets_Multi_Codage\Projet_ORM\JavaFX_Lib\Win
E:\Projets_Multi_Codage\Projet_ORM\JavaFX_Lib\Lnx\lib
E:\Projets_Multi_Codage\Projet_ORM\JavaFX_Lib\Lnx\lib\javafx-swt.jar
E:\Projets_Multi_Codage\Projet_ORM\JavaFX_Lib\Lnx\lib\javafx.base.jar
E:\Projets_Multi_Codage\Projet_ORM\JavaFX_Lib\Lnx\lib\javafx.controls.jar
E:\Projets_Multi_Codage\Projet_ORM\JavaFX_Lib\Lnx\lib\javafx.fxml.jar
E:\Projets_Multi_Codage\Projet_ORM\JavaFX_Lib\Lnx\lib\javafx.graphics.jar
E:\Projets_Multi_Codage\Projet_ORM\JavaFX_Lib\Lnx\lib\javafx.media.jar
E:\Projets_Multi_Codage\Projet_ORM\JavaFX_Lib\Lnx\lib\javafx.properties
E:\Projets_Multi_Codage\Projet_ORM\JavaFX_Lib\Lnx\lib\javafx.swing.jar
E:\Projets_Multi_Codage\Projet_ORM\JavaFX_Lib\Lnx\lib\javafx.web.jar
E:\Projets_Multi_Codage\Projet_ORM\JavaFX_Lib\Lnx\lib\jdk.jsobject.jar
E:\Projets_Multi_Codage\Projet_ORM\JavaFX_Lib\Lnx\lib\jfx.incubator.input.jar
E:\Projets_Multi_Codage\Projet_ORM\JavaFX_Lib\Lnx\lib\jfx.incubator.richtext.jar
E:\Projets_Multi_Codage\Projet_ORM\JavaFX_Lib\Lnx\lib\libavplugin-54.so
E:\Projets_Multi_Codage\Projet_ORM\JavaFX_Lib\Lnx\lib\libavplugin-56.so
E:\Projets_Multi_Codage\Projet_ORM\JavaFX_Lib\Lnx\lib\libavplugin-57.so
E:\Projets_Multi_Codage\Projet_ORM\JavaFX_Lib\Lnx\lib\libavplugin-ffmpeg-56.so
E:\Projets_Multi_Codage\Projet_ORM\JavaFX_Lib\Lnx\lib\libavplugin-ffmpeg-57.so
E:\Projets_Multi_Codage\Projet_ORM\JavaFX_Lib\Lnx\lib\libavplugin-ffmpeg-58.so
E:\Projets_Multi_Codage\Projet_ORM\JavaFX_Lib\Lnx\lib\libavplugin-ffmpeg-59.so
E:\Projets_Multi_Codage\Projet_ORM\JavaFX_Lib\Lnx\lib\libavplugin-ffmpeg-60.so
E:\Projets_Multi_Codage\Projet_ORM\JavaFX_Lib\Lnx\lib\libavplugin-ffmpeg-61.so
E:\Projets_Multi_Codage\Projet_ORM\JavaFX_Lib\Lnx\lib\libdecora_sse.so
E:\Projets_Multi_Codage\Projet_ORM\JavaFX_Lib\Lnx\lib\libfxplugins.so
E:\Projets_Multi_Codage\Projet_ORM\JavaFX_Lib\Lnx\lib\libglass.so
E:\Projets_Multi_Codage\Projet_ORM\JavaFX_Lib\Lnx\lib\libglassgtk3.so
E:\Projets_Multi_Codage\Projet_ORM\JavaFX_Lib\Lnx\lib\libgstreamer-lite.so
E:\Projets_Multi_Codage\Projet_ORM\JavaFX_Lib\Lnx\lib\libjavafx_font.so
E:\Projets_Multi_Codage\Projet_ORM\JavaFX_Lib\Lnx\lib\libjavafx_font_freetype.so
E:\Projets_Multi_Codage\Projet_ORM\JavaFX_Lib\Lnx\lib\libjavafx_font_pango.so
E:\Projets_Multi_Codage\Projet_ORM\JavaFX_Lib\Lnx\lib\libjavafx_iio.so
E:\Projets_Multi_Codage\Projet_ORM\JavaFX_Lib\Lnx\lib\libjfxmedia.so
E:\Projets_Multi_Codage\Projet_ORM\JavaFX_Lib\Lnx\lib\libprism_common.so
E:\Projets_Multi_Codage\Projet_ORM\JavaFX_Lib\Lnx\lib\libprism_es2.so
E:\Projets_Multi_Codage\Projet_ORM\JavaFX_Lib\Lnx\lib\libprism_sw.so
E:\Projets_Multi_Codage\Projet_ORM\JavaFX_Lib\Win\bin
E:\Projets_Multi_Codage\Projet_ORM\JavaFX_Lib\Win\lib
E:\Projets_Multi_Codage\Projet_ORM\JavaFX_Lib\Win\bin\api-ms-win-core-console-l1-1-0.dll
E:\Projets_Multi_Codage\Projet_ORM\JavaFX_Lib\Win\bin\api-ms-win-core-console-l1-2-0.dll
E:\Projets_Multi_Codage\Projet_ORM\JavaFX_Lib\Win\bin\api-ms-win-core-datetime-l1-1-0.dll
E:\Projets_Multi_Codage\Projet_ORM\JavaFX_Lib\Win\bin\api-ms-win-core-debug-l1-1-0.dll
E:\Projets_Multi_Codage\Projet_ORM\JavaFX_Lib\Win\bin\api-ms-win-core-errorhandling-l1-1-0.dll
E:\Projets_Multi_Codage\Projet_ORM\JavaFX_Lib\Win\bin\api-ms-win-core-file-l1-1-0.dll
E:\Projets_Multi_Codage\Projet_ORM\JavaFX_Lib\Win\bin\api-ms-win-core-file-l1-2-0.dll
E:\Projets_Multi_Codage\Projet_ORM\JavaFX_Lib\Win\bin\api-ms-win-core-file-l2-1-0.dll
E:\Projets_Multi_Codage\Projet_ORM\JavaFX_Lib\Win\bin\api-ms-win-core-handle-l1-1-0.dll
E:\Projets_Multi_Codage\Projet_ORM\JavaFX_Lib\Win\bin\api-ms-win-core-heap-l1-1-0.dll
E:\Projets_Multi_Codage\Projet_ORM\JavaFX_Lib\Win\bin\api-ms-win-core-interlocked-l1-1-0.dll
E:\Projets_Multi_Codage\Projet_ORM\JavaFX_Lib\Win\bin\api-ms-win-core-libraryloader-l1-1-0.dll
E:\Projets_Multi_Codage\Projet_ORM\JavaFX_Lib\Win\bin\api-ms-win-core-localization-l1-2-0.dll
E:\Projets_Multi_Codage\Projet_ORM\JavaFX_Lib\Win\bin\api-ms-win-core-memory-l1-1-0.dll
E:\Projets_Multi_Codage\Projet_ORM\JavaFX_Lib\Win\bin\api-ms-win-core-namedpipe-l1-1-0.dll
E:\Projets_Multi_Codage\Projet_ORM\JavaFX_Lib\Win\bin\api-ms-win-core-processenvironment-l1-1-0.dll
E:\Projets_Multi_Codage\Projet_ORM\JavaFX_Lib\Win\bin\api-ms-win-core-processthreads-l1-1-0.dll
E:\Projets_Multi_Codage\Projet_ORM\JavaFX_Lib\Win\bin\api-ms-win-core-processthreads-l1-1-1.dll
E:\Projets_Multi_Codage\Projet_ORM\JavaFX_Lib\Win\bin\api-ms-win-core-profile-l1-1-0.dll
E:\Projets_Multi_Codage\Projet_ORM\JavaFX_Lib\Win\bin\api-ms-win-core-rtlsupport-l1-1-0.dll
E:\Projets_Multi_Codage\Projet_ORM\JavaFX_Lib\Win\bin\api-ms-win-core-string-l1-1-0.dll
E:\Projets_Multi_Codage\Projet_ORM\JavaFX_Lib\Win\bin\api-ms-win-core-synch-l1-1-0.dll
E:\Projets_Multi_Codage\Projet_ORM\JavaFX_Lib\Win\bin\api-ms-win-core-synch-l1-2-0.dll
E:\Projets_Multi_Codage\Projet_ORM\JavaFX_Lib\Win\bin\api-ms-win-core-sysinfo-l1-1-0.dll
E:\Projets_Multi_Codage\Projet_ORM\JavaFX_Lib\Win\bin\api-ms-win-core-timezone-l1-1-0.dll
E:\Projets_Multi_Codage\Projet_ORM\JavaFX_Lib\Win\bin\api-ms-win-core-util-l1-1-0.dll
E:\Projets_Multi_Codage\Projet_ORM\JavaFX_Lib\Win\bin\api-ms-win-crt-conio-l1-1-0.dll
E:\Projets_Multi_Codage\Projet_ORM\JavaFX_Lib\Win\bin\api-ms-win-crt-convert-l1-1-0.dll
E:\Projets_Multi_Codage\Projet_ORM\JavaFX_Lib\Win\bin\api-ms-win-crt-environment-l1-1-0.dll
E:\Projets_Multi_Codage\Projet_ORM\JavaFX_Lib\Win\bin\api-ms-win-crt-filesystem-l1-1-0.dll
E:\Projets_Multi_Codage\Projet_ORM\JavaFX_Lib\Win\bin\api-ms-win-crt-heap-l1-1-0.dll
E:\Projets_Multi_Codage\Projet_ORM\JavaFX_Lib\Win\bin\api-ms-win-crt-locale-l1-1-0.dll
E:\Projets_Multi_Codage\Projet_ORM\JavaFX_Lib\Win\bin\api-ms-win-crt-math-l1-1-0.dll
E:\Projets_Multi_Codage\Projet_ORM\JavaFX_Lib\Win\bin\api-ms-win-crt-multibyte-l1-1-0.dll
E:\Projets_Multi_Codage\Projet_ORM\JavaFX_Lib\Win\bin\api-ms-win-crt-private-l1-1-0.dll
E:\Projets_Multi_Codage\Projet_ORM\JavaFX_Lib\Win\bin\api-ms-win-crt-process-l1-1-0.dll
E:\Projets_Multi_Codage\Projet_ORM\JavaFX_Lib\Win\bin\api-ms-win-crt-runtime-l1-1-0.dll
E:\Projets_Multi_Codage\Projet_ORM\JavaFX_Lib\Win\bin\api-ms-win-crt-stdio-l1-1-0.dll
E:\Projets_Multi_Codage\Projet_ORM\JavaFX_Lib\Win\bin\api-ms-win-crt-string-l1-1-0.dll
E:\Projets_Multi_Codage\Projet_ORM\JavaFX_Lib\Win\bin\api-ms-win-crt-time-l1-1-0.dll
E:\Projets_Multi_Codage\Projet_ORM\JavaFX_Lib\Win\bin\api-ms-win-crt-utility-l1-1-0.dll
E:\Projets_Multi_Codage\Projet_ORM\JavaFX_Lib\Win\bin\decora_sse.dll
E:\Projets_Multi_Codage\Projet_ORM\JavaFX_Lib\Win\bin\fxplugins.dll
E:\Projets_Multi_Codage\Projet_ORM\JavaFX_Lib\Win\bin\glass.dll
E:\Projets_Multi_Codage\Projet_ORM\JavaFX_Lib\Win\bin\glib-lite.dll
E:\Projets_Multi_Codage\Projet_ORM\JavaFX_Lib\Win\bin\gstreamer-lite.dll
E:\Projets_Multi_Codage\Projet_ORM\JavaFX_Lib\Win\bin\javafx_font.dll
E:\Projets_Multi_Codage\Projet_ORM\JavaFX_Lib\Win\bin\javafx_iio.dll
E:\Projets_Multi_Codage\Projet_ORM\JavaFX_Lib\Win\bin\jfxmedia.dll
E:\Projets_Multi_Codage\Projet_ORM\JavaFX_Lib\Win\bin\msvcp140.dll
E:\Projets_Multi_Codage\Projet_ORM\JavaFX_Lib\Win\bin\msvcp140_1.dll
E:\Projets_Multi_Codage\Projet_ORM\JavaFX_Lib\Win\bin\msvcp140_2.dll
E:\Projets_Multi_Codage\Projet_ORM\JavaFX_Lib\Win\bin\prism_common.dll
E:\Projets_Multi_Codage\Projet_ORM\JavaFX_Lib\Win\bin\prism_d3d.dll
E:\Projets_Multi_Codage\Projet_ORM\JavaFX_Lib\Win\bin\prism_sw.dll
E:\Projets_Multi_Codage\Projet_ORM\JavaFX_Lib\Win\bin\ucrtbase.dll
E:\Projets_Multi_Codage\Projet_ORM\JavaFX_Lib\Win\bin\vcruntime140.dll
E:\Projets_Multi_Codage\Projet_ORM\JavaFX_Lib\Win\bin\vcruntime140_1.dll
E:\Projets_Multi_Codage\Projet_ORM\JavaFX_Lib\Win\lib\javafx-swt.jar
E:\Projets_Multi_Codage\Projet_ORM\JavaFX_Lib\Win\lib\javafx.base.jar
E:\Projets_Multi_Codage\Projet_ORM\JavaFX_Lib\Win\lib\javafx.controls.jar
E:\Projets_Multi_Codage\Projet_ORM\JavaFX_Lib\Win\lib\javafx.fxml.jar
E:\Projets_Multi_Codage\Projet_ORM\JavaFX_Lib\Win\lib\javafx.graphics.jar
E:\Projets_Multi_Codage\Projet_ORM\JavaFX_Lib\Win\lib\javafx.media.jar
E:\Projets_Multi_Codage\Projet_ORM\JavaFX_Lib\Win\lib\javafx.properties
E:\Projets_Multi_Codage\Projet_ORM\JavaFX_Lib\Win\lib\javafx.swing.jar
E:\Projets_Multi_Codage\Projet_ORM\JavaFX_Lib\Win\lib\javafx.web.jar
E:\Projets_Multi_Codage\Projet_ORM\JavaFX_Lib\Win\lib\jdk.jsobject.jar
E:\Projets_Multi_Codage\Projet_ORM\JavaFX_Lib\Win\lib\jfx.incubator.input.jar
E:\Projets_Multi_Codage\Projet_ORM\JavaFX_Lib\Win\lib\jfx.incubator.richtext.jar
E:\Projets_Multi_Codage\Projet_ORM\Java_Code\AttributDAO.java
E:\Projets_Multi_Codage\Projet_ORM\Java_Code\BarreOutils.java
E:\Projets_Multi_Codage\Projet_ORM\Java_Code\ConnexionBdd.java
E:\Projets_Multi_Codage\Projet_ORM\Java_Code\EntiteDAO.java
E:\Projets_Multi_Codage\Projet_ORM\Java_Code\InsertionDonnees.java
E:\Projets_Multi_Codage\Projet_ORM\Java_Code\InterfaceGenerateurUML.java
E:\Projets_Multi_Codage\Projet_ORM\Java_Code\NavigationMenu.java
E:\Projets_Multi_Codage\Projet_ORM\Java_Code\PanneauProprietes.java
E:\Projets_Multi_Codage\Projet_ORM\Java_Code\Visuel.java
E:\Projets_Multi_Codage\Projet_ORM\Java_Code\ZoneModelisation.java
E:\Projets_Multi_Codage\Projet_ORM\Manifest\MANIFEST.MF
E:\Projets_Multi_Codage\Projet_ORM\Script_EU\Start.sh
